=== Job info ===
Sun Jul 12 22:31:50 EDT 2026
rg31501
SLURM_JOB_ID=15960520
Sun Jul 12 22:31:50 2026       
+-----------------------------------------------------------------------------------------+
| NVIDIA-SMI 580.159.04             Driver Version: 580.159.04     CUDA Version: 13.0     |
+-----------------------------------------+------------------------+----------------------+
| GPU  Name                 Persistence-M | Bus-Id          Disp.A | Volatile Uncorr. ECC |
| Fan  Temp   Perf          Pwr:Usage/Cap |           Memory-Usage | GPU-Util  Compute M. |
|                                         |                        |               MIG M. |
|=========================================+========================+======================|
|   0  NVIDIA H100 80GB HBM3          Off |   00000000:DB:00.0 Off |                    0 |
| N/A   48C    P0             73W /  700W |       0MiB /  81559MiB |      0%      Default |
|                                         |                        |             Disabled |
+-----------------------------------------+------------------------+----------------------+

+-----------------------------------------------------------------------------------------+
| Processes:                                                                              |
|  GPU   GI   CI              PID   Type   Process name                        GPU Memory |
|        ID   ID                                                               Usage      |
|=========================================================================================|
|  No running processes found                                                             |
+-----------------------------------------------------------------------------------------+
=== Load modules ===
=== Activate virtual environment ===
Python 3.11.5
=== Hugging Face cache/offline config ===
2026-07-12 22:32:07,146 | INFO | Dataset: train=97000 val=3000 languages=['Bengali']
Traceback (most recent call last):
  File "/scratch/santimn/venvs/m2-align/lib/python3.11/site-packages/transformers/utils/hub.py", line 437, in cached_files
    hf_hub_download(
  File "/scratch/santimn/venvs/m2-align/lib/python3.11/site-packages/huggingface_hub/utils/_validators.py", line 84, in _inner_fn
    validate_repo_id(arg_value)
  File "/scratch/santimn/venvs/m2-align/lib/python3.11/site-packages/huggingface_hub/utils/_validators.py", line 132, in validate_repo_id
    raise HFValidationError(
huggingface_hub.errors.HFValidationError: Repo id must be in the form 'repo_name' or 'namespace/repo_name': '/scratch/santimn/huggingface/nllb-200-distilled-600M-full'. Use `repo_type` argument if needed.

The above exception was the direct cause of the following exception:

Traceback (most recent call last):
  File "/lustre09/project/6072380/santimn/M2-ALIGN/Approach2/train_stage1_text.py", line 289, in <module>
    main(args, logger)
  File "/lustre09/project/6072380/santimn/M2-ALIGN/Approach2/train_stage1_text.py", line 135, in main
    tokenizer_mt = NllbTokenizer.from_pretrained(args.mt_path)
                   ^^^^^^^^^^^^^^^^^^^^^^^^^^^^^^^^^^^^^^^^^^^
  File "/scratch/santimn/venvs/m2-align/lib/python3.11/site-packages/transformers/tokenization_utils_base.py", line 1646, in from_pretrained
    resolved_config_file = cached_file(
                           ^^^^^^^^^^^^
  File "/scratch/santimn/venvs/m2-align/lib/python3.11/site-packages/transformers/utils/hub.py", line 293, in cached_file
    file = cached_files(path_or_repo_id=path_or_repo_id, filenames=[filename], **kwargs)
           ^^^^^^^^^^^^^^^^^^^^^^^^^^^^^^^^^^^^^^^^^^^^^^^^^^^^^^^^^^^^^^^^^^^^^^^^^^^^^
  File "/scratch/santimn/venvs/m2-align/lib/python3.11/site-packages/transformers/utils/hub.py", line 488, in cached_files
    raise OSError(f"{e}") from e
OSError: Repo id must be in the form 'repo_name' or 'namespace/repo_name': '/scratch/santimn/huggingface/nllb-200-distilled-600M-full'. Use `repo_type` argument if needed.
